// Jest Snapshot v1, https://goo.gl/fbAQLP

exports[`Hero component matches snapshot 1`] = `
<DocumentFragment>
  <div
    class="spinner-container"
  >
    <div
      class="spinner-loading"
    />
  </div>
</DocumentFragment>
`;
