// Jest Snapshot v1, https://goo.gl/fbAQLP

exports[`Map component matches snapshot 1`] = `
<DocumentFragment>
  <div
    class="spinner"
  >
    <div
      class="spinner__loading"
    />
  </div>
</DocumentFragment>
`;
